// Jest Snapshot v1, https://goo.gl/fbAQLP

exports[`Column component renders correctly 1`] = `
<DocumentFragment>
  <div
    class="column columnSpan1 columnStart1"
  />
</DocumentFragment>
`;
