// Jest Snapshot v1, https://goo.gl/fbAQLP

exports[`Label component renders correctly 1`] = `
<DocumentFragment>
  <label
    class="label"
    for="name"
  />
</DocumentFragment>
`;
