// Jest Snapshot v1, https://goo.gl/fbAQLP

exports[`Navigation component renders correctly 1`] = `
<nav
  className="navigation"
>
  <ul
    className="navigation__list"
  >
    <li
      className="navigation__item"
    >
      <a
        activeClassName="navigation__linkActive"
        className="navigation__link"
        href="/"
      >
        Index
      </a>
    </li>
  </ul>
</nav>
`;
