// Jest Snapshot v1, https://goo.gl/fbAQLP

exports[`Header component renders correctly 1`] = `
<DocumentFragment>
  <header
    class="header"
    role="banner"
  />
</DocumentFragment>
`;
