// Jest Snapshot v1, https://goo.gl/fbAQLP

exports[`Cookie component renders correctly 1`] = `
<div
  className="cookieConsent "
  style={
    Object {
      "alignItems": "baseline",
      "background": "#353535",
      "bottom": "0",
      "color": "white",
      "display": "flex",
      "flexWrap": "wrap",
      "justifyContent": "space-between",
      "left": "0",
      "position": "fixed",
      "width": "100%",
      "zIndex": "999",
    }
  }
>
  <div
    className=""
    style={
      Object {
        "flex": "1 0 300px",
        "margin": "15px",
      }
    }
  >
    Um die Webseite optimal gestalten und fortlaufend verbessern zu k√∂nnen, werden Cookies verwendet. Durch die weitere Nutzung der Webseite stimmen Sie der Verwendung von Cookies zu.
     
    <a
      href="/datenschutz"
    >
      Datenschutz
    </a>
  </div>
  <button
    className=""
    id=""
    onClick={[Function]}
    style={
      Object {
        "background": "#ffd42d",
        "border": "0",
        "borderRadius": "0px",
        "boxShadow": "none",
        "color": "black",
        "cursor": "pointer",
        "flex": "0 0 auto",
        "margin": "15px",
        "padding": "5px 10px",
      }
    }
  >
    I understand
  </button>
</div>
`;
