// Jest Snapshot v1, https://goo.gl/fbAQLP

exports[`Main component renders correctly 1`] = `
<DocumentFragment>
  <main
    class="main"
    role="main"
  />
</DocumentFragment>
`;
