// Jest Snapshot v1, https://goo.gl/fbAQLP

exports[`Gallery component renders correctly 1`] = `
<ul
  className="gallery"
>
  <li
    className="gallery__item"
  >
    <figure>
      <button
        onClick={[Function]}
        type="button"
      >
        <div
          className=" gatsby-image-wrapper"
          style={
            Object {
              "maxHeight": null,
              "maxWidth": null,
              "overflow": "hidden",
              "position": "relative",
            }
          }
        >
          <div
            aria-hidden={true}
            style={
              Object {
                "paddingBottom": "100%",
                "width": "100%",
              }
            }
          />
          <noscript
            dangerouslySetInnerHTML={
              Object {
                "__html": "<picture><source srcset=\\"\\" /><img loading=\\"lazy\\" src=\\"\\" alt=\\"\\" style=\\"position:absolute;top:0;left:0;opacity:1;width:100%;height:100%;object-fit:cover;object-position:center\\"/></picture>",
              }
            }
          />
        </div>
      </button>
    </figure>
  </li>
</ul>
`;
