// Jest Snapshot v1, https://goo.gl/fbAQLP

exports[`GridRow component renders correctly 1`] = `
<div
  className="grid__row"
/>
`;
